[展厅服务器] "GET / HTTP/1.1" 200 -
[展厅服务器] "GET /index.html HTTP/1.1" 200 -
[展厅服务器] "GET /admin.html HTTP/1.1" 200 -
[展厅服务器] "GET /api/config HTTP/1.1" 200 -
[展厅服务器] "GET / HTTP/1.1" 200 -
[展厅服务器] "GET /index.html HTTP/1.1" 200 -
[展厅服务器] "GET /admin.html HTTP/1.1" 200 -
[展厅服务器] "GET /api/config HTTP/1.1" 200 -
[展厅服务器] "GET /assets/css/style.css HTTP/1.1" 200 -
[展厅服务器] "GET / HTTP/1.1" 200 -
[展厅服务器] "GET /index.html HTTP/1.1" 200 -
[展厅服务器] "GET /admin.html HTTP/1.1" 200 -
[展厅服务器] "GET /api/config HTTP/1.1" 200 -
[展厅服务器] "GET /assets/css/style.css HTTP/1.1" 200 -
[展厅服务器] "HEAD / HTTP/1.1" 200 -
[展厅服务器] "HEAD /admin.html HTTP/1.1" 200 -
[展厅服务器] "GET /api/config HTTP/1.1" 200 -
[展厅服务器] "GET /sw.js HTTP/1.1" 304 -
[展厅服务器] "GET /sw.js HTTP/1.1" 304 -
[展厅服务器] "GET /api/config HTTP/1.1" 200 -
[展厅服务器] "GET /sw.js HTTP/1.1" 304 -
[展厅服务器] "GET /api/config HTTP/1.1" 200 -
